// Jest Snapshot v1, https://goo.gl/fbAQLP

exports[`<RouteView /> should take a snapshot 1`] = `<DocumentFragment />`;
